⚠ Warning: Next.js inferred your workspace root, but it may not be correct.
 We detected multiple lockfiles and selected the directory of D:\project\package-lock.json as the root directory.
 To silence this warning, set `turbopack.root` in your Next.js config, or consider removing one of the lockfiles if it's not needed.
   See https://nextjs.org/docs/app/api-reference/config/next-config-js/turbopack#root-directory for more information.
 Detected additional lockfiles: 
   * D:\project\finradun.ru\finradun-next\package-lock.json

▲ Next.js 16.2.0 (Turbopack)

  Creating an optimized production build ...

> Build error occurred
Error: Turbopack build failed with 1 errors:
./finradun.ru/finradun-next/src/components/Footer.module.css
Transforming CSS failed
Selector "h3" is not pure. Pure selectors must contain at least one local class or id.

Import trace:
  Server Component:
    ./finradun.ru/finradun-next/src/components/Footer.module.css
    ./finradun.ru/finradun-next/src/components/Footer.tsx
    ./finradun.ru/finradun-next/src/app/page.tsx


    at ignore-listed frames
